[21:31:14.082] Try reusing port from lock file: 59944
[21:31:14.120] Server listening on port 59944, PID 24280
[21:31:14.156] readProjectFiles, Found 58 files to read.
[21:31:14.252] Starting PAI Cloud Dev...
[21:31:14.988] [PAI SDK] createCloudSession response: {
  "code": 0,
  "msg": "success",
  "sandboxId": "vefaas-f0vkicge-9uclcppghk-d96fq282fuiqd9p9tp70-sandbox",
  "endpoint": "https://sd62opo6oqou1ckhsuo00.apigateway-cn-beijing.volceapi.com"
}
[21:31:15.127] [PAI SDK] cloudServer.start called, appId: pai-preview-trae-94a54145
[21:31:15.875] [PAI SDK] Received event: log {"content":"\n> taro_template@1.0.0 dev:h5\n> npm run build:h5 -- --watch\n\n\n> taro_template@1.0.0 build:h5\n> taro build --type h5 --watch\n\n","timestamp":1783431072432}
[21:31:16.077] [PAI SDK] Received event: log {"content":"👽 Taro v4.1.9\n\n","timestamp":1783431072664}
[21:31:17.010] [PAI SDK] Received event: log {"content":"Tips:\n1. 建议开启持久化缓存功能，能有效提升二次编译速度，详情请参考: https://docs.taro.zone/docs/config-detail#cache。\n\n\n","timestamp":1783431073596}
[21:31:18.988] [PAI SDK] Received event: log {"content":"ℹ 预览端口 10086 被占用, 自动切换到空闲端口 10087\n","timestamp":1783431075574}
[21:31:19.563] [PAI SDK] Received event: log {"content":"- 即将开始启动编译，请稍等~\n","timestamp":1783431076150}
[21:31:34.290] [PAI SDK] Received event: log {"content":"✅  编译成功 7/7/2026, 9:31:30 PM\n\n","timestamp":1783431090872}
[21:31:34.291] [PAI SDK] cloudServer.start response: {
  "status": "running",
  "msg": "Cloud Server started successfully.",
  "hash": "pai-preview-trae-94a54145"
}
[21:31:45.463] [Preview Server] Frontend connected, clients size = 1
[21:31:45.465] Sending cached status to new connection, lastStatusMessage = {"event":"status_change","message":{"url":"https://sd62opo6oqou1ckhsuo00.apigateway-cn-beijing.volceapi.com/?faasInstanceName=vefaas-f0vkicge-9uclcppghk-d96fq282fuiqd9p9tp70-sandbox&hash=pai-preview-trae-94a54145","schema":"aipa://preview?type=pai&aipa_id=pai-preview-trae-94a54145&uuid=7d8fd0f6-e33e-4f1d-a2c9-c0adf1a88d4f","status":"running","msg":"Cloud Server started successfully.","framework":"taro"}}
[21:31:45.489] [Preview Server] Frontend connected, clients size = 2
[21:31:45.490] Sending cached status to new connection, lastStatusMessage = {"event":"status_change","message":{"url":"https://sd62opo6oqou1ckhsuo00.apigateway-cn-beijing.volceapi.com/?faasInstanceName=vefaas-f0vkicge-9uclcppghk-d96fq282fuiqd9p9tp70-sandbox&hash=pai-preview-trae-94a54145","schema":"aipa://preview?type=pai&aipa_id=pai-preview-trae-94a54145&uuid=7d8fd0f6-e33e-4f1d-a2c9-c0adf1a88d4f","status":"running","msg":"Cloud Server started successfully.","framework":"taro"}}
[21:32:19.130] [Preview Server] Frontend connected, clients size = 3
[21:32:19.131] Sending cached status to new connection, lastStatusMessage = {"event":"status_change","message":{"url":"https://sd62opo6oqou1ckhsuo00.apigateway-cn-beijing.volceapi.com/?faasInstanceName=vefaas-f0vkicge-9uclcppghk-d96fq282fuiqd9p9tp70-sandbox&hash=pai-preview-trae-94a54145","schema":"aipa://preview?type=pai&aipa_id=pai-preview-trae-94a54145&uuid=7d8fd0f6-e33e-4f1d-a2c9-c0adf1a88d4f","status":"running","msg":"Cloud Server started successfully.","framework":"taro"}}
[21:32:52.339] File change detected. Updating...
[21:32:52.371] readProjectFiles, Found 58 files to read.
[21:32:52.400] Files read. Count: 58
[21:32:52.400] Calling pai.updateCloudDev...
[21:32:52.401] [PAI SDK] cloudServer.update called, appId: pai-preview-trae-94a54145
[21:32:52.634] [PAI SDK] Received event: reload {"url":"aipa://pai-preview-trae-94a54145.aipa-cloud.bytedance.net?type=pai","timestamp":1783431169221}
[21:32:52.635] [PAI SDK] CloudServer received reload event: {"url":"aipa://pai-preview-trae-94a54145.aipa-cloud.bytedance.net?type=pai","timestamp":1783431169221}
[21:32:52.635] [PAI SDK] reload, url = https://sd62opo6oqou1ckhsuo00.apigateway-cn-beijing.volceapi.com/?faasInstanceName=vefaas-f0vkicge-9uclcppghk-d96fq282fuiqd9p9tp70-sandbox&hash=pai-preview-trae-94a54145
[21:32:52.635] [PAI SDK] cloudServer.update response: {
  "status": "running",
  "reload": false,
  "hash": "pai-preview-trae-94a54145"
}
[21:32:52.637] Update success (pai.updateCloudDev returned)
[21:32:52.685] [PAI SDK] Received event: log {"content":"<i> [webpack-dev-middleware] wait until bundle finished: /\n","timestamp":1783431169267}
[21:32:52.732] [PAI SDK] Received event: log {"content":"<i> [webpack-dev-middleware] wait until bundle finished: /\n","timestamp":1783431169318}
[21:32:54.102] [PAI SDK] Received event: log {"content":"✅  编译成功 7/7/2026, 9:32:50 PM\n\n","timestamp":1783431170689}
[21:32:56.039] File change detected. Updating...
[21:32:56.053] readProjectFiles, Found 58 files to read.
[21:32:56.078] Files read. Count: 58
[21:32:56.079] Calling pai.updateCloudDev...
[21:32:56.079] [PAI SDK] cloudServer.update called, appId: pai-preview-trae-94a54145
[21:32:56.373] [PAI SDK] Received event: reload {"url":"aipa://pai-preview-trae-94a54145.aipa-cloud.bytedance.net?type=pai","timestamp":1783431172953}
[21:32:56.373] [PAI SDK] CloudServer received reload event: {"url":"aipa://pai-preview-trae-94a54145.aipa-cloud.bytedance.net?type=pai","timestamp":1783431172953}
[21:32:56.373] [PAI SDK] reload, url = https://sd62opo6oqou1ckhsuo00.apigateway-cn-beijing.volceapi.com/?faasInstanceName=vefaas-f0vkicge-9uclcppghk-d96fq282fuiqd9p9tp70-sandbox&hash=pai-preview-trae-94a54145
[21:32:56.374] [PAI SDK] cloudServer.update response: {
  "status": "running",
  "reload": false,
  "hash": "pai-preview-trae-94a54145"
}
[21:32:56.374] Update success (pai.updateCloudDev returned)
[21:32:56.418] [PAI SDK] Received event: log {"content":"<i> [webpack-dev-middleware] wait until bundle finished: /\n","timestamp":1783431173004}
[21:32:56.421] [PAI SDK] Received event: log {"content":"<i> [webpack-dev-middleware] wait until bundle finished: /\n","timestamp":1783431173008}
[21:32:57.367] [PAI SDK] Received event: log {"content":"✅  编译成功 7/7/2026, 9:32:53 PM\n\n","timestamp":1783431173953}
[21:33:31.122] File change detected. Updating...
[21:33:31.149] readProjectFiles, Found 59 files to read.
[21:33:31.206] Files read. Count: 59
[21:33:31.206] Calling pai.updateCloudDev...
[21:33:31.207] [PAI SDK] cloudServer.update called, appId: pai-preview-trae-94a54145
[21:33:31.572] [PAI SDK] Received event: reload {"url":"aipa://pai-preview-trae-94a54145.aipa-cloud.bytedance.net?type=pai","timestamp":1783431208159}
[21:33:31.572] [PAI SDK] CloudServer received reload event: {"url":"aipa://pai-preview-trae-94a54145.aipa-cloud.bytedance.net?type=pai","timestamp":1783431208159}
[21:33:31.573] [PAI SDK] reload, url = https://sd62opo6oqou1ckhsuo00.apigateway-cn-beijing.volceapi.com/?faasInstanceName=vefaas-f0vkicge-9uclcppghk-d96fq282fuiqd9p9tp70-sandbox&hash=pai-preview-trae-94a54145
[21:33:31.573] [PAI SDK] cloudServer.update response: {
  "status": "running",
  "reload": false,
  "hash": "pai-preview-trae-94a54145"
}
[21:33:31.574] Update success (pai.updateCloudDev returned)
[21:33:31.623] [PAI SDK] Received event: log {"content":"<i> [webpack-dev-middleware] wait until bundle finished: /\n","timestamp":1783431208210}
[21:33:31.691] [PAI SDK] Received event: log {"content":"<i> [webpack-dev-middleware] wait until bundle finished: /\n","timestamp":1783431208274}
[21:33:33.156] [PAI SDK] Received event: log {"content":"✅  编译成功 7/7/2026, 9:33:29 PM\n\n","timestamp":1783431209743}
[21:33:34.943] File change detected. Updating...
[21:33:34.964] readProjectFiles, Found 60 files to read.
[21:33:35.011] Files read. Count: 60
[21:33:35.011] Calling pai.updateCloudDev...
[21:33:35.012] [PAI SDK] cloudServer.update called, appId: pai-preview-trae-94a54145
[21:33:35.232] [PAI SDK] Received event: reload {"url":"aipa://pai-preview-trae-94a54145.aipa-cloud.bytedance.net?type=pai","timestamp":1783431211818}
[21:33:35.233] [PAI SDK] CloudServer received reload event: {"url":"aipa://pai-preview-trae-94a54145.aipa-cloud.bytedance.net?type=pai","timestamp":1783431211818}
[21:33:35.233] [PAI SDK] reload, url = https://sd62opo6oqou1ckhsuo00.apigateway-cn-beijing.volceapi.com/?faasInstanceName=vefaas-f0vkicge-9uclcppghk-d96fq282fuiqd9p9tp70-sandbox&hash=pai-preview-trae-94a54145
[21:33:35.235] [PAI SDK] cloudServer.update response: {
  "status": "running",
  "reload": false,
  "hash": "pai-preview-trae-94a54145"
}
[21:33:35.236] Update success (pai.updateCloudDev returned)
[21:33:35.307] [PAI SDK] Received event: log {"content":"<i> [webpack-dev-middleware] wait until bundle finished: /\n","timestamp":1783431211893}
[21:33:35.309] [PAI SDK] Received event: log {"content":"<i> [webpack-dev-middleware] wait until bundle finished: /\n","timestamp":1783431211894}
[21:33:35.342] [PAI SDK] Received event: log {"content":"<i> [webpack-dev-middleware] wait until bundle finished: /\n","timestamp":1783431211927}
[21:33:36.206] [PAI SDK] Received event: log {"content":"✅  编译成功 7/7/2026, 9:33:32 PM\n\n","timestamp":1783431212792}
[21:34:43.324] File change detected. Updating...
[21:34:43.343] readProjectFiles, Found 61 files to read.
[21:34:43.380] Files read. Count: 61
[21:34:43.380] Calling pai.updateCloudDev...
[21:34:43.381] [PAI SDK] cloudServer.update called, appId: pai-preview-trae-94a54145
[21:34:43.798] [PAI SDK] Received event: reload {"url":"aipa://pai-preview-trae-94a54145.aipa-cloud.bytedance.net?type=pai","timestamp":1783431280385}
[21:34:43.799] [PAI SDK] CloudServer received reload event: {"url":"aipa://pai-preview-trae-94a54145.aipa-cloud.bytedance.net?type=pai","timestamp":1783431280385}
[21:34:43.799] [PAI SDK] reload, url = https://sd62opo6oqou1ckhsuo00.apigateway-cn-beijing.volceapi.com/?faasInstanceName=vefaas-f0vkicge-9uclcppghk-d96fq282fuiqd9p9tp70-sandbox&hash=pai-preview-trae-94a54145
[21:34:43.799] [PAI SDK] cloudServer.update response: {
  "status": "running",
  "reload": false,
  "hash": "pai-preview-trae-94a54145"
}
[21:34:43.800] Update success (pai.updateCloudDev returned)
[21:34:43.865] [PAI SDK] Received event: log {"content":"<i> [webpack-dev-middleware] wait until bundle finished: /\n","timestamp":1783431280451}
[21:34:43.902] [PAI SDK] Received event: log {"content":"<i> [webpack-dev-middleware] wait until bundle finished: /\n","timestamp":1783431280489}
[21:34:45.417] [PAI SDK] Received event: log {"content":"✅  编译成功 7/7/2026, 9:34:42 PM\n\n","timestamp":1783431282002}
[21:35:40.137] File change detected. Updating...
[21:35:40.153] readProjectFiles, Found 62 files to read.
[21:35:40.201] Files read. Count: 62
[21:35:40.201] Calling pai.updateCloudDev...
[21:35:40.202] [PAI SDK] cloudServer.update called, appId: pai-preview-trae-94a54145
[21:35:41.404] [PAI SDK] Received event: reload {"url":"aipa://pai-preview-trae-94a54145.aipa-cloud.bytedance.net?type=pai","timestamp":1783431337990}
[21:35:41.404] [PAI SDK] CloudServer received reload event: {"url":"aipa://pai-preview-trae-94a54145.aipa-cloud.bytedance.net?type=pai","timestamp":1783431337990}
[21:35:41.405] [PAI SDK] reload, url = https://sd62opo6oqou1ckhsuo00.apigateway-cn-beijing.volceapi.com/?faasInstanceName=vefaas-f0vkicge-9uclcppghk-d96fq282fuiqd9p9tp70-sandbox&hash=pai-preview-trae-94a54145
[21:35:41.405] [PAI SDK] cloudServer.update response: {
  "status": "running",
  "reload": false,
  "hash": "pai-preview-trae-94a54145"
}
[21:35:41.405] Update success (pai.updateCloudDev returned)
[21:35:41.465] [PAI SDK] Received event: log {"content":"<i> [webpack-dev-middleware] wait until bundle finished: /\n","timestamp":1783431338052}
[21:35:41.544] [PAI SDK] Received event: log {"content":"<i> [webpack-dev-middleware] wait until bundle finished: /\n","timestamp":1783431338126}
[21:35:42.843] [PAI SDK] Received event: log {"content":"✅  编译成功 7/7/2026, 9:35:39 PM\n\n","timestamp":1783431339430}
[21:36:33.405] File change detected. Updating...
[21:36:33.426] readProjectFiles, Found 63 files to read.
[21:36:33.471] Files read. Count: 63
[21:36:33.471] Calling pai.updateCloudDev...
[21:36:33.471] [PAI SDK] cloudServer.update called, appId: pai-preview-trae-94a54145
[21:36:34.105] [PAI SDK] Received event: reload {"url":"aipa://pai-preview-trae-94a54145.aipa-cloud.bytedance.net?type=pai","timestamp":1783431390692}
[21:36:34.106] [PAI SDK] CloudServer received reload event: {"url":"aipa://pai-preview-trae-94a54145.aipa-cloud.bytedance.net?type=pai","timestamp":1783431390692}
[21:36:34.106] [PAI SDK] reload, url = https://sd62opo6oqou1ckhsuo00.apigateway-cn-beijing.volceapi.com/?faasInstanceName=vefaas-f0vkicge-9uclcppghk-d96fq282fuiqd9p9tp70-sandbox&hash=pai-preview-trae-94a54145
[21:36:34.106] [PAI SDK] cloudServer.update response: {
  "status": "running",
  "reload": false,
  "hash": "pai-preview-trae-94a54145"
}
[21:36:34.107] Update success (pai.updateCloudDev returned)
[21:36:34.152] [PAI SDK] Received event: log {"content":"<i> [webpack-dev-middleware] wait until bundle finished: /\n","timestamp":1783431390739}
[21:36:34.213] [PAI SDK] Received event: log {"content":"<i> [webpack-dev-middleware] wait until bundle finished: /\n","timestamp":1783431390800}
[21:36:35.840] [PAI SDK] Received event: log {"content":"✅  编译成功 7/7/2026, 9:36:32 PM\n\n","timestamp":1783431392427}
[21:36:40.157] File change detected. Updating...
[21:36:40.191] readProjectFiles, Found 62 files to read.
[21:36:40.259] Files read. Count: 62
[21:36:40.259] Calling pai.updateCloudDev...
[21:36:40.260] [PAI SDK] cloudServer.update called, appId: pai-preview-trae-94a54145
[21:36:40.861] [PAI SDK] Received event: reload {"url":"aipa://pai-preview-trae-94a54145.aipa-cloud.bytedance.net?type=pai","timestamp":1783431397448}
[21:36:40.861] [PAI SDK] CloudServer received reload event: {"url":"aipa://pai-preview-trae-94a54145.aipa-cloud.bytedance.net?type=pai","timestamp":1783431397448}
[21:36:40.862] [PAI SDK] reload, url = https://sd62opo6oqou1ckhsuo00.apigateway-cn-beijing.volceapi.com/?faasInstanceName=vefaas-f0vkicge-9uclcppghk-d96fq282fuiqd9p9tp70-sandbox&hash=pai-preview-trae-94a54145
[21:36:40.862] [PAI SDK] cloudServer.update response: {
  "status": "running",
  "reload": false,
  "hash": "pai-preview-trae-94a54145"
}
[21:36:40.864] Update success (pai.updateCloudDev returned)
[21:36:40.915] [PAI SDK] Received event: log {"content":"<i> [webpack-dev-middleware] wait until bundle finished: /\n","timestamp":1783431397501}
[21:36:40.928] [PAI SDK] Received event: log {"content":"<i> [webpack-dev-middleware] wait until bundle finished: /\n","timestamp":1783431397513}
[21:36:41.823] [PAI SDK] Received event: log {"content":"✅  编译成功 7/7/2026, 9:36:38 PM\n\n","timestamp":1783431398408}
[21:36:44.766] File change detected. Updating...
[21:36:44.783] readProjectFiles, Found 61 files to read.
[21:36:44.815] Files read. Count: 61
[21:36:44.815] Calling pai.updateCloudDev...
[21:36:44.816] [PAI SDK] cloudServer.update called, appId: pai-preview-trae-94a54145
[21:36:45.674] [PAI SDK] Received event: reload {"url":"aipa://pai-preview-trae-94a54145.aipa-cloud.bytedance.net?type=pai","timestamp":1783431402261}
[21:36:45.674] [PAI SDK] CloudServer received reload event: {"url":"aipa://pai-preview-trae-94a54145.aipa-cloud.bytedance.net?type=pai","timestamp":1783431402261}
[21:36:45.675] [PAI SDK] reload, url = https://sd62opo6oqou1ckhsuo00.apigateway-cn-beijing.volceapi.com/?faasInstanceName=vefaas-f0vkicge-9uclcppghk-d96fq282fuiqd9p9tp70-sandbox&hash=pai-preview-trae-94a54145
[21:36:45.675] [PAI SDK] cloudServer.update response: {
  "status": "running",
  "reload": false,
  "hash": "pai-preview-trae-94a54145"
}
[21:36:45.676] Update success (pai.updateCloudDev returned)
[21:36:45.718] [PAI SDK] Received event: log {"content":"<i> [webpack-dev-middleware] wait until bundle finished: /\n","timestamp":1783431402305}
[21:36:45.779] [PAI SDK] Received event: log {"content":"<i> [webpack-dev-middleware] wait until bundle finished: /\n","timestamp":1783431402365}
[21:36:46.741] [PAI SDK] Received event: log {"content":"✅  编译成功 7/7/2026, 9:36:43 PM\n\n","timestamp":1783431403328}
[21:42:48.549] [Preview Server] Frontend connected, clients size = 4
[21:42:48.550] Sending cached status to new connection, lastStatusMessage = {"event":"status_change","message":{"url":"https://sd62opo6oqou1ckhsuo00.apigateway-cn-beijing.volceapi.com/?faasInstanceName=vefaas-f0vkicge-9uclcppghk-d96fq282fuiqd9p9tp70-sandbox&hash=pai-preview-trae-94a54145","schema":"aipa://preview?type=pai&aipa_id=pai-preview-trae-94a54145&uuid=7d8fd0f6-e33e-4f1d-a2c9-c0adf1a88d4f","status":"running","framework":"taro"}}
[21:49:20.704] [Preview Server] Frontend disconnected, clients size = 4
[21:49:20.705] [Preview Server] Frontend disconnected, clients size = 3
[21:49:20.711] [Preview Server] Frontend disconnected, clients size = 2
[21:49:20.712] [Preview Server] Frontend disconnected, clients size = 1
[21:49:22.541] [PAI SDK] WebSocket closed, reconnecting (1/3)...
[22:36:15.661] Heartbeat timeout.
[22:36:15.662] Shutting down...
[22:36:16.103] Stopping Cloud Dev...
[22:36:16.119] [Global WebSocket] Suppressed error to prevent crash: getaddrinfo ENOTFOUND sd62opo6oqou1ckhsuo00.apigateway-cn-beijing.volceapi.com
[22:36:16.120] [PAI SDK] WebSocket closed, reconnecting (1/3)...
[22:36:16.134] [PAI SDK] stopCloudServer error: TypeError: fetch failed
    at node:internal/deps/undici/undici:15845:13
    at process.processTicksAndRejections (node:internal/process/task_queues:103:5) {
  [cause]: Error: getaddrinfo ENOTFOUND pai.mobile.volcapp.com
      at GetAddrInfoReqWrap.onlookupall [as oncomplete] (node:dns:122:26) {
    errno: -3008,
    code: 'ENOTFOUND',
    syscall: 'getaddrinfo',
    hostname: 'pai.mobile.volcapp.com'
  }
}
