[14:52:12.192] (node:72890) Warning: Setting the NODE_TLS_REJECT_UNAUTHORIZED environment variable to '0' makes TLS connections and HTTPS requests insecure by disabling certificate verification.
(Use `node --trace-warnings ...` to show where the warning was created)
[14:52:12.206] Try reusing port from lock file: 50830
[14:52:12.211] Server listening on port 50830, PID 72890
[14:52:12.221] readProjectFiles, Found 75 files to read.
[14:52:12.239] Starting PAI Cloud Dev...
[14:52:14.138] [Preview Server] Frontend connected, clients size = 1
[14:52:14.143] [Preview Server] Frontend connected, clients size = 2
[14:52:14.735] [PAI SDK] createCloudSession response: {
  "code": 0,
  "msg": "success",
  "sandboxId": "vefaas-f0vkicge-j6vs2g024g-d94ar7g2kp5jedgkksgg-sandbox",
  "endpoint": "https://sd62opo6oqou1ckhsuo00.apigateway-cn-beijing.volceapi.com"
}
[14:52:17.235] [PAI SDK] cloudServer.start called, appId: pai-preview-trae-f010d2a6
[14:52:18.457] [PAI SDK] Received event: log {"content":"\n> taro_template@1.0.0 dev:h5\n> npm run build:h5 -- --watch\n\n","timestamp":1783147938428}
[14:52:18.574] [PAI SDK] Received event: log {"content":"\n> taro_template@1.0.0 build:h5\n> taro build --type h5 --watch\n\n","timestamp":1783147938542}
[14:52:18.916] [PAI SDK] Received event: log {"content":"👽 Taro v4.1.9\n\n","timestamp":1783147938890}
[14:52:20.132] [PAI SDK] Received event: log {"content":"Tips:\n1. 建议开启持久化缓存功能，能有效提升二次编译速度，详情请参考: https://docs.taro.zone/docs/config-detail#cache。\n\n\n","timestamp":1783147940104}
[14:52:21.496] [PAI SDK] Received event: log {"content":"- 即将开始启动编译，请稍等~\n","timestamp":1783147941272}
[14:52:30.578] [Preview Server] Frontend disconnected, clients size = 2
[14:52:30.598] [Preview Server] Frontend connected, clients size = 2
[14:52:39.540] [PAI SDK] Received event: log {"content":"⚠️  编译警告. 7/4/2026, 2:52:38 PM\n\n","timestamp":1783147958801}
[14:52:39.541] [PAI SDK] cloudServer.start response: {
  "status": "running",
  "msg": "Cloud Server started successfully.",
  "hash": "pai-preview-trae-f010d2a6"
}
[14:52:59.883] [AuthCredentials] read failed: ENOENT: no such file or directory, open '/Users/chenli/studio/DidiFishing/.auth/auth.json'
[14:53:19.565] [AuthCredentials] read failed: ENOENT: no such file or directory, open '/Users/chenli/studio/DidiFishing/.auth/auth.json'
[14:53:21.197] [AuthCredentials] read failed: ENOENT: no such file or directory, open '/Users/chenli/studio/DidiFishing/.auth/auth.json'
[14:53:24.731] [AuthCredentials] read failed: ENOENT: no such file or directory, open '/Users/chenli/studio/DidiFishing/.auth/auth.json'
[14:53:55.399] [AuthCredentials] read failed: ENOENT: no such file or directory, open '/Users/chenli/studio/DidiFishing/.auth/auth.json'
[14:55:41.789] [AuthCredentials] read failed: ENOENT: no such file or directory, open '/Users/chenli/studio/DidiFishing/.auth/auth.json'
[15:04:51.014] [AuthCredentials] read failed: ENOENT: no such file or directory, open '/Users/chenli/studio/DidiFishing/.auth/auth.json'
[15:04:51.617] [AuthCredentials] read failed: ENOENT: no such file or directory, open '/Users/chenli/studio/DidiFishing/.auth/auth.json'
[15:06:31.342] [Preview Server] Frontend disconnected, clients size = 2
[15:08:38.219] [AuthCredentials] read failed: ENOENT: no such file or directory, open '/Users/chenli/studio/DidiFishing/.auth/auth.json'
[15:21:15.269] [AuthCredentials] read failed: ENOENT: no such file or directory, open '/Users/chenli/studio/DidiFishing/.auth/auth.json'
[15:23:00.225] [PAI SDK] WebSocket closed, reconnecting (1/3)...
[15:23:10.807] [Global WebSocket] Suppressed error to prevent crash: Unexpected server response: 404
[15:23:10.807] [PAI SDK] WebSocket closed, reconnecting (1/3)...
[15:23:21.270] [Global WebSocket] Suppressed error to prevent crash: Unexpected server response: 404
[15:23:21.272] [PAI SDK] WebSocket closed, reconnecting (1/3)...
[15:23:33.367] [Global WebSocket] Suppressed error to prevent crash: Unexpected server response: 404
[15:23:33.367] [PAI SDK] WebSocket closed, reconnecting (1/3)...
[15:23:45.208] [Global WebSocket] Suppressed error to prevent crash: Unexpected server response: 404
[15:23:45.209] [PAI SDK] WebSocket closed, reconnecting (1/3)...
[15:23:56.215] [Global WebSocket] Suppressed error to prevent crash: Unexpected server response: 404
[15:23:56.216] [PAI SDK] WebSocket closed, reconnecting (1/3)...
[15:24:06.699] [Global WebSocket] Suppressed error to prevent crash: Unexpected server response: 404
[15:24:06.701] [PAI SDK] WebSocket closed, reconnecting (1/3)...
[15:24:18.827] [Global WebSocket] Suppressed error to prevent crash: Unexpected server response: 404
[15:24:18.828] [PAI SDK] WebSocket closed, reconnecting (1/3)...
[15:24:29.778] [Global WebSocket] Suppressed error to prevent crash: Unexpected server response: 404
[15:24:29.780] [PAI SDK] WebSocket closed, reconnecting (1/3)...
[15:24:40.889] [Global WebSocket] Suppressed error to prevent crash: Unexpected server response: 404
[15:24:40.890] [PAI SDK] WebSocket closed, reconnecting (1/3)...
[15:24:51.335] [Global WebSocket] Suppressed error to prevent crash: Unexpected server response: 404
[15:24:51.337] [PAI SDK] WebSocket closed, reconnecting (1/3)...
[15:25:03.239] [Global WebSocket] Suppressed error to prevent crash: Unexpected server response: 404
[15:25:03.239] [PAI SDK] WebSocket closed, reconnecting (1/3)...
[15:25:14.223] [Global WebSocket] Suppressed error to prevent crash: Unexpected server response: 404
[15:25:14.224] [PAI SDK] WebSocket closed, reconnecting (1/3)...
[15:25:28.147] [Global WebSocket] Suppressed error to prevent crash: Unexpected server response: 404
[15:25:28.148] [PAI SDK] WebSocket closed, reconnecting (1/3)...
[15:25:38.490] [Global WebSocket] Suppressed error to prevent crash: Unexpected server response: 404
[15:25:38.491] [PAI SDK] WebSocket closed, reconnecting (1/3)...
[15:25:39.198] [Preview Server] Frontend connected, clients size = 2
[15:25:39.199] [PAI SDK] Sandbox disconnected, recreating...
[15:25:45.381] [PAI SDK] Received event: log {"content":"\n> taro_template@1.0.0 dev:h5\n> npm run build:h5 -- --watch\n\n\n> taro_template@1.0.0 build:h5\n> taro build --type h5 --watch\n\n","timestamp":1783149947419}
[15:25:45.711] [PAI SDK] Received event: log {"content":"👽 Taro v4.1.9\n\n","timestamp":1783149947731}
[15:25:46.825] [PAI SDK] Received event: log {"content":"Tips:\n1. 建议开启持久化缓存功能，能有效提升二次编译速度，详情请参考: https://docs.taro.zone/docs/config-detail#cache。\n\n\n","timestamp":1783149948867}
[15:25:47.888] [PAI SDK] Received event: log {"content":"- 即将开始启动编译，请稍等~\n","timestamp":1783149949929}
[15:26:04.584] [PAI SDK] Received event: log {"content":"⚠️  编译警告. 7/4/2026, 3:26:06 PM\n\n","timestamp":1783149966625}
[15:26:04.598] [PAI SDK] Sandbox recreated, sandboxId: vefaas-f0vkicge-j6vs2g024g-d94bato27hdpb50klapg-sandbox
[15:26:04.600] Sending cached status to new connection, lastStatusMessage = {"event":"status_change","message":{"url":"https://sd62opo6oqou1ckhsuo00.apigateway-cn-beijing.volceapi.com/?faasInstanceName=vefaas-f0vkicge-j6vs2g024g-d94bato27hdpb50klapg-sandbox&hash=pai-preview-trae-f010d2a6","schema":"aipa://preview?type=pai&aipa_id=pai-preview-trae-f010d2a6&uuid=c9b102e8-d708-47f6-94ab-7529fb72749d","status":"running","msg":"sandbox recreated","framework":"taro"}}
[15:26:07.030] [Preview Server] Frontend disconnected, clients size = 2
[15:26:07.060] [Preview Server] Frontend connected, clients size = 2
[15:26:07.063] Sending cached status to new connection, lastStatusMessage = {"event":"status_change","message":{"url":"https://sd62opo6oqou1ckhsuo00.apigateway-cn-beijing.volceapi.com/?faasInstanceName=vefaas-f0vkicge-j6vs2g024g-d94bato27hdpb50klapg-sandbox&hash=pai-preview-trae-f010d2a6","schema":"aipa://preview?type=pai&aipa_id=pai-preview-trae-f010d2a6&uuid=c9b102e8-d708-47f6-94ab-7529fb72749d","status":"running","msg":"sandbox recreated","framework":"taro"}}
[15:26:19.266] [AuthCredentials] read failed: ENOENT: no such file or directory, open '/Users/chenli/studio/DidiFishing/.auth/auth.json'
[15:48:10.214] [Preview Server] Frontend disconnected, clients size = 2
[15:48:10.654] [Preview Server] Frontend connected, clients size = 2
[15:48:10.654] Sending cached status to new connection, lastStatusMessage = {"event":"status_change","message":{"url":"https://sd62opo6oqou1ckhsuo00.apigateway-cn-beijing.volceapi.com/?faasInstanceName=vefaas-f0vkicge-j6vs2g024g-d94bato27hdpb50klapg-sandbox&hash=pai-preview-trae-f010d2a6","schema":"aipa://preview?type=pai&aipa_id=pai-preview-trae-f010d2a6&uuid=c9b102e8-d708-47f6-94ab-7529fb72749d","status":"running","msg":"sandbox recreated","framework":"taro"}}
[15:48:26.894] [Preview Server] Frontend disconnected, clients size = 2
[15:48:27.005] [Preview Server] Frontend connected, clients size = 2
[15:48:27.005] Sending cached status to new connection, lastStatusMessage = {"event":"status_change","message":{"url":"https://sd62opo6oqou1ckhsuo00.apigateway-cn-beijing.volceapi.com/?faasInstanceName=vefaas-f0vkicge-j6vs2g024g-d94bato27hdpb50klapg-sandbox&hash=pai-preview-trae-f010d2a6","schema":"aipa://preview?type=pai&aipa_id=pai-preview-trae-f010d2a6&uuid=c9b102e8-d708-47f6-94ab-7529fb72749d","status":"running","msg":"sandbox recreated","framework":"taro"}}
[15:49:04.193] [Preview Server] Frontend disconnected, clients size = 2
[15:49:04.327] [Preview Server] Frontend connected, clients size = 2
[15:49:04.327] Sending cached status to new connection, lastStatusMessage = {"event":"status_change","message":{"url":"https://sd62opo6oqou1ckhsuo00.apigateway-cn-beijing.volceapi.com/?faasInstanceName=vefaas-f0vkicge-j6vs2g024g-d94bato27hdpb50klapg-sandbox&hash=pai-preview-trae-f010d2a6","schema":"aipa://preview?type=pai&aipa_id=pai-preview-trae-f010d2a6&uuid=c9b102e8-d708-47f6-94ab-7529fb72749d","status":"running","msg":"sandbox recreated","framework":"taro"}}
[15:49:32.731] [AuthCredentials] read failed: ENOENT: no such file or directory, open '/Users/chenli/studio/DidiFishing/.auth/auth.json'
[15:55:57.259] [Preview Server] Frontend disconnected, clients size = 2
[15:55:57.271] [Preview Server] Frontend disconnected, clients size = 1
[15:55:59.053] [Preview Server] Frontend connected, clients size = 1
[15:55:59.054] Sending cached status to new connection, lastStatusMessage = {"event":"status_change","message":{"url":"https://sd62opo6oqou1ckhsuo00.apigateway-cn-beijing.volceapi.com/?faasInstanceName=vefaas-f0vkicge-j6vs2g024g-d94bato27hdpb50klapg-sandbox&hash=pai-preview-trae-f010d2a6","schema":"aipa://preview?type=pai&aipa_id=pai-preview-trae-f010d2a6&uuid=c9b102e8-d708-47f6-94ab-7529fb72749d","status":"running","msg":"sandbox recreated","framework":"taro"}}
[15:55:59.059] [Preview Server] Frontend connected, clients size = 2
[15:55:59.059] Sending cached status to new connection, lastStatusMessage = {"event":"status_change","message":{"url":"https://sd62opo6oqou1ckhsuo00.apigateway-cn-beijing.volceapi.com/?faasInstanceName=vefaas-f0vkicge-j6vs2g024g-d94bato27hdpb50klapg-sandbox&hash=pai-preview-trae-f010d2a6","schema":"aipa://preview?type=pai&aipa_id=pai-preview-trae-f010d2a6&uuid=c9b102e8-d708-47f6-94ab-7529fb72749d","status":"running","msg":"sandbox recreated","framework":"taro"}}
[16:05:02.455] [Preview Server] Frontend disconnected, clients size = 2
[16:05:02.873] [Preview Server] Frontend connected, clients size = 2
[16:05:02.874] Sending cached status to new connection, lastStatusMessage = {"event":"status_change","message":{"url":"https://sd62opo6oqou1ckhsuo00.apigateway-cn-beijing.volceapi.com/?faasInstanceName=vefaas-f0vkicge-j6vs2g024g-d94bato27hdpb50klapg-sandbox&hash=pai-preview-trae-f010d2a6","schema":"aipa://preview?type=pai&aipa_id=pai-preview-trae-f010d2a6&uuid=c9b102e8-d708-47f6-94ab-7529fb72749d","status":"running","msg":"sandbox recreated","framework":"taro"}}
[16:26:56.186] [Preview Server] Frontend disconnected, clients size = 2
[16:26:56.643] [Preview Server] Frontend connected, clients size = 2
[16:26:56.644] Sending cached status to new connection, lastStatusMessage = {"event":"status_change","message":{"url":"https://sd62opo6oqou1ckhsuo00.apigateway-cn-beijing.volceapi.com/?faasInstanceName=vefaas-f0vkicge-j6vs2g024g-d94bato27hdpb50klapg-sandbox&hash=pai-preview-trae-f010d2a6","schema":"aipa://preview?type=pai&aipa_id=pai-preview-trae-f010d2a6&uuid=c9b102e8-d708-47f6-94ab-7529fb72749d","status":"running","msg":"sandbox recreated","framework":"taro"}}
[16:40:37.543] File change detected. Updating...
[16:40:37.567] readProjectFiles, Found 75 files to read.
[16:40:37.590] Files read. Count: 75
[16:40:37.590] Calling pai.updateCloudDev...
[16:40:37.591] [PAI SDK] cloudServer.update called, appId: pai-preview-trae-f010d2a6
[16:40:43.226] [PAI SDK] Received event: reload {"url":"aipa://pai-preview-trae-f010d2a6.aipa-cloud.bytedance.net?type=pai","timestamp":1783154443349}
[16:40:43.227] [PAI SDK] CloudServer received reload event: {"url":"aipa://pai-preview-trae-f010d2a6.aipa-cloud.bytedance.net?type=pai","timestamp":1783154443349}
[16:40:43.227] [PAI SDK] reload, url = https://sd62opo6oqou1ckhsuo00.apigateway-cn-beijing.volceapi.com/?faasInstanceName=vefaas-f0vkicge-j6vs2g024g-d94bato27hdpb50klapg-sandbox&hash=pai-preview-trae-f010d2a6
[16:40:43.385] [PAI SDK] cloudServer.update response: {
  "status": "running",
  "reload": false,
  "hash": "pai-preview-trae-f010d2a6"
}
[16:40:43.385] Update success (pai.updateCloudDev returned)
[16:40:43.881] [PAI SDK] Received event: log {"content":"<i> [webpack-dev-middleware] wait until bundle finished: /\n","timestamp":1783154443998}
[16:40:45.455] [PAI SDK] Received event: log {"content":"⚠️  编译警告. 7/4/2026, 4:40:45 PM\n\n","timestamp":1783154445571}
[16:41:43.503] [Preview Server] Frontend disconnected, clients size = 2
[16:41:43.507] [Preview Server] Frontend disconnected, clients size = 1
[16:41:46.441] [Preview Server] Frontend connected, clients size = 1
[16:41:46.442] Sending cached status to new connection, lastStatusMessage = {"event":"status_change","message":{"url":"https://sd62opo6oqou1ckhsuo00.apigateway-cn-beijing.volceapi.com/?faasInstanceName=vefaas-f0vkicge-j6vs2g024g-d94bato27hdpb50klapg-sandbox&hash=pai-preview-trae-f010d2a6","schema":"aipa://preview?type=pai&aipa_id=pai-preview-trae-f010d2a6&uuid=c9b102e8-d708-47f6-94ab-7529fb72749d","status":"running","framework":"taro"}}
[16:41:46.443] [Preview Server] Frontend connected, clients size = 2
[16:41:46.443] Sending cached status to new connection, lastStatusMessage = {"event":"status_change","message":{"url":"https://sd62opo6oqou1ckhsuo00.apigateway-cn-beijing.volceapi.com/?faasInstanceName=vefaas-f0vkicge-j6vs2g024g-d94bato27hdpb50klapg-sandbox&hash=pai-preview-trae-f010d2a6","schema":"aipa://preview?type=pai&aipa_id=pai-preview-trae-f010d2a6&uuid=c9b102e8-d708-47f6-94ab-7529fb72749d","status":"running","framework":"taro"}}
[16:43:32.163] File change detected. Updating...
[16:43:32.181] readProjectFiles, Found 75 files to read.
[16:43:32.205] Files read. Count: 75
[16:43:32.205] Calling pai.updateCloudDev...
[16:43:32.205] [PAI SDK] cloudServer.update called, appId: pai-preview-trae-f010d2a6
[16:43:37.959] [PAI SDK] Received event: reload {"url":"aipa://pai-preview-trae-f010d2a6.aipa-cloud.bytedance.net?type=pai","timestamp":1783154618154}
[16:43:37.960] [PAI SDK] CloudServer received reload event: {"url":"aipa://pai-preview-trae-f010d2a6.aipa-cloud.bytedance.net?type=pai","timestamp":1783154618154}
[16:43:37.960] [PAI SDK] reload, url = https://sd62opo6oqou1ckhsuo00.apigateway-cn-beijing.volceapi.com/?faasInstanceName=vefaas-f0vkicge-j6vs2g024g-d94bato27hdpb50klapg-sandbox&hash=pai-preview-trae-f010d2a6
[16:43:37.960] [PAI SDK] cloudServer.update response: {
  "status": "running",
  "reload": false,
  "hash": "pai-preview-trae-f010d2a6"
}
[16:43:37.960] Update success (pai.updateCloudDev returned)
[16:43:38.750] [PAI SDK] Received event: log {"content":"<i> [webpack-dev-middleware] wait until bundle finished: /\n","timestamp":1783154618945}
[16:43:40.258] [PAI SDK] Received event: log {"content":"⚠️  编译警告. 7/4/2026, 4:43:40 PM\n\n","timestamp":1783154620452}
